LTspice 26.1.1 for Windows
Circuit: C:\Users\User\OneDrive\Documents\GitHub\NCL_GitHub\NCL\NCL Electronics Laboratory\EEE8165\CL1\CL1_T3_HighPassFilter.net
Start Time: Wed Oct  7 14:37:26 2026

.step c=1e-09
solver = Normal
Maximum thread count: 16
tnom = 27
temp = 27
method = trap
Direct Newton iteration succeeded in finding operating point.

.step c=1.25892541179417e-09
Direct Newton iteration succeeded in finding operating point.

.step c=1.58489319246111e-09
Direct Newton iteration succeeded in finding operating point.

.step c=1.99526231496888e-09
Direct Newton iteration succeeded in finding operating point.

.step c=2.51188643150958e-09
Direct Newton iteration succeeded in finding operating point.

.step c=3.16227766016838e-09
Direct Newton iteration succeeded in finding operating point.

.step c=3.98107170553497e-09
Direct Newton iteration succeeded in finding operating point.

.step c=5.01187233627272e-09
Direct Newton iteration succeeded in finding operating point.

.step c=6.30957344480194e-09
Direct Newton iteration succeeded in finding operating point.

.step c=7.94328234724282e-09
Direct Newton iteration succeeded in finding operating point.

.step c=1e-08
Direct Newton iteration succeeded in finding operating point.

.step c=1.25892541179417e-08
Direct Newton iteration succeeded in finding operating point.

.step c=1.58489319246111e-08
Direct Newton iteration succeeded in finding operating point.

.step c=1.99526231496888e-08
Direct Newton iteration succeeded in finding operating point.

.step c=2.51188643150958e-08
Direct Newton iteration succeeded in finding operating point.

.step c=3.16227766016838e-08
Direct Newton iteration succeeded in finding operating point.

.step c=3.98107170553498e-08
Direct Newton iteration succeeded in finding operating point.

.step c=5.01187233627273e-08
Direct Newton iteration succeeded in finding operating point.

.step c=6.30957344480194e-08
Direct Newton iteration succeeded in finding operating point.

.step c=7.94328234724282e-08
Direct Newton iteration succeeded in finding operating point.

.step c=1e-07
Direct Newton iteration succeeded in finding operating point.

.step c=1.25892541179417e-07
Direct Newton iteration succeeded in finding operating point.

.step c=1.58489319246112e-07
Direct Newton iteration succeeded in finding operating point.

.step c=1.99526231496888e-07
Direct Newton iteration succeeded in finding operating point.

.step c=2.51188643150958e-07
Direct Newton iteration succeeded in finding operating point.

.step c=3.16227766016838e-07
Direct Newton iteration succeeded in finding operating point.

.step c=3.98107170553498e-07
Direct Newton iteration succeeded in finding operating point.

.step c=5.01187233627273e-07
Direct Newton iteration succeeded in finding operating point.

.step c=6.30957344480194e-07
Direct Newton iteration succeeded in finding operating point.

.step c=7.94328234724283e-07
Direct Newton iteration succeeded in finding operating point.

.step c=1e-06
Direct Newton iteration succeeded in finding operating point.
Total elapsed time: 0.944 seconds.
Total iterations: 3

Files loaded:
C:\Users\User\OneDrive\Documents\GitHub\NCL_GitHub\NCL\NCL Electronics Laboratory\EEE8165\CL1\CL1_T3_HighPassFilter.net

