LTspice 26.1.1 for Windows
Circuit: C:\Users\User\OneDrive\Documents\GitHub\NCL_GitHub\NCL\NCL Electronics Laboratory\EEE8165\CL1\CL1_T2_LowPassFilter.net
Start Time: Wed Oct  7 14:24:58 2026

.step c=1e-07
solver = Normal
Maximum thread count: 16
tnom = 27
temp = 27
method = trap
Direct Newton iteration succeeded in finding operating point.

.step c=1.25892541179417e-07
Direct Newton iteration succeeded in finding operating point.

.step c=1.58489319246111e-07
Direct Newton iteration succeeded in finding operating point.

.step c=1.99526231496888e-07
Direct Newton iteration succeeded in finding operating point.

.step c=2.51188643150958e-07
Direct Newton iteration succeeded in finding operating point.

.step c=3.16227766016838e-07
Direct Newton iteration succeeded in finding operating point.

.step c=3.98107170553497e-07
Direct Newton iteration succeeded in finding operating point.

.step c=5.01187233627272e-07
Direct Newton iteration succeeded in finding operating point.

.step c=6.30957344480194e-07
Direct Newton iteration succeeded in finding operating point.

.step c=7.94328234724282e-07
Direct Newton iteration succeeded in finding operating point.

.step c=1e-06
Direct Newton iteration succeeded in finding operating point.

.step c=1.25892541179417e-06
Direct Newton iteration succeeded in finding operating point.

.step c=1.58489319246111e-06
Direct Newton iteration succeeded in finding operating point.

.step c=1.99526231496888e-06
Direct Newton iteration succeeded in finding operating point.

.step c=2.51188643150958e-06
Direct Newton iteration succeeded in finding operating point.

.step c=3.16227766016838e-06
Direct Newton iteration succeeded in finding operating point.

.step c=3.98107170553498e-06
Direct Newton iteration succeeded in finding operating point.

.step c=5.01187233627273e-06
Direct Newton iteration succeeded in finding operating point.

.step c=6.30957344480194e-06
Direct Newton iteration succeeded in finding operating point.

.step c=7.94328234724283e-06
Direct Newton iteration succeeded in finding operating point.

.step c=1e-05
Direct Newton iteration succeeded in finding operating point.

.step c=1.25892541179417e-05
Direct Newton iteration succeeded in finding operating point.

.step c=1.58489319246112e-05
Direct Newton iteration succeeded in finding operating point.

.step c=1.99526231496888e-05
Direct Newton iteration succeeded in finding operating point.

.step c=2.51188643150958e-05
Direct Newton iteration succeeded in finding operating point.

.step c=3.16227766016838e-05
Direct Newton iteration succeeded in finding operating point.

.step c=3.98107170553498e-05
Direct Newton iteration succeeded in finding operating point.

.step c=5.01187233627273e-05
Direct Newton iteration succeeded in finding operating point.

.step c=6.30957344480194e-05
Direct Newton iteration succeeded in finding operating point.

.step c=7.94328234724283e-05
Direct Newton iteration succeeded in finding operating point.

.step c=0.0001
Direct Newton iteration succeeded in finding operating point.
Total elapsed time: 0.810 seconds.
Total iterations: 3

Files loaded:
C:\Users\User\OneDrive\Documents\GitHub\NCL_GitHub\NCL\NCL Electronics Laboratory\EEE8165\CL1\CL1_T2_LowPassFilter.net

