LTspice 26.1.1 for Windows
Circuit: C:\Users\User\OneDrive\Documents\GitHub\NCL_GitHub\NCL\NCL Electronics Laboratory\EEE8165\CL1\CL1_T6_AnalysisOfAn_nMOS_Transistor.net
Start Time: Wed Oct  7 19:34:29 2026
solver = Normal
Maximum thread count: 16
tnom = 27
temp = 27
method = trap
.OP point found by inspection.
.step V1=0 
.step V1=1 
.step V1=2 
.step V1=3 
.step V1=4 
.step V1=5 
Total elapsed time: 0.535 seconds.
Total iterations: 142

Files loaded:
C:\Users\User\OneDrive\Documents\GitHub\NCL_GitHub\NCL\NCL Electronics Laboratory\EEE8165\CL1\CL1_T6_AnalysisOfAn_nMOS_Transistor.net
C:\Users\User\AppData\Local\LTspice\lib\cmp\standard.mos

