LTspice 26.1.1 for Windows
Circuit: C:\Users\User\OneDrive\Documents\GitHub\NCL_GitHub\NCL\NCL Electronics Laboratory\EEE8165\CL1\CL1_T4_Diodes.net
Start Time: Wed Oct  7 14:41:20 2026

.step r=1000
solver = Normal
Maximum thread count: 16
tnom = 27
temp = 27
method = trap
.OP point found by inspection.
.OP point found by inspection.

.step r=5000
.OP point found by inspection.
.OP point found by inspection.

.step r=10000
.OP point found by inspection.
.OP point found by inspection.
Total elapsed time: 0.503 seconds.
Total iterations: 2240

Files loaded:
C:\Users\User\OneDrive\Documents\GitHub\NCL_GitHub\NCL\NCL Electronics Laboratory\EEE8165\CL1\CL1_T4_Diodes.net
C:\Users\User\AppData\Local\LTspice\lib\cmp\standard.dio

