LTspice 26.1.1 for Windows
Circuit: C:\Users\User\OneDrive\Documents\GitHub\NCL_GitHub\NCL\NCL Electronics Laboratory\EEE8165\CL1\CL1_T1_OutputResistance.net
Start Time: Wed Oct  7 14:18:23 2026

.step r=100
solver = Normal
Maximum thread count: 16
tnom = 27
temp = 27
method = trap
Direct Newton iteration succeeded in finding operating point.

.step r=125.892541179417
Direct Newton iteration succeeded in finding operating point.

.step r=158.489319246111
Direct Newton iteration succeeded in finding operating point.

.step r=199.526231496888
Direct Newton iteration succeeded in finding operating point.

.step r=251.188643150958
Direct Newton iteration succeeded in finding operating point.

.step r=316.227766016838
Direct Newton iteration succeeded in finding operating point.

.step r=398.107170553497
Direct Newton iteration succeeded in finding operating point.

.step r=501.187233627272
Direct Newton iteration succeeded in finding operating point.

.step r=630.957344480194
Direct Newton iteration succeeded in finding operating point.

.step r=794.328234724282
Direct Newton iteration succeeded in finding operating point.

.step r=1000
Direct Newton iteration succeeded in finding operating point.

.step r=1258.92541179417
Direct Newton iteration succeeded in finding operating point.

.step r=1584.89319246111
Direct Newton iteration succeeded in finding operating point.

.step r=1995.26231496888
Direct Newton iteration succeeded in finding operating point.

.step r=2511.88643150958
Direct Newton iteration succeeded in finding operating point.

.step r=3162.27766016838
Direct Newton iteration succeeded in finding operating point.

.step r=3981.07170553498
Direct Newton iteration succeeded in finding operating point.

.step r=5011.87233627273
Direct Newton iteration succeeded in finding operating point.

.step r=6309.57344480194
Direct Newton iteration succeeded in finding operating point.

.step r=7943.28234724282
Direct Newton iteration succeeded in finding operating point.

.step r=10000
Direct Newton iteration succeeded in finding operating point.

.step r=12589.2541179417
Direct Newton iteration succeeded in finding operating point.

.step r=15848.9319246112
Direct Newton iteration succeeded in finding operating point.

.step r=19952.6231496888
Direct Newton iteration succeeded in finding operating point.

.step r=25118.8643150958
Direct Newton iteration succeeded in finding operating point.

.step r=31622.7766016838
Direct Newton iteration succeeded in finding operating point.

.step r=39810.7170553498
Direct Newton iteration succeeded in finding operating point.

.step r=50118.7233627273
Direct Newton iteration succeeded in finding operating point.

.step r=63095.7344480194
Direct Newton iteration succeeded in finding operating point.

.step r=79432.8234724283
Direct Newton iteration succeeded in finding operating point.

.step r=100000
Direct Newton iteration succeeded in finding operating point.
Total elapsed time: 1.631 seconds.
Total iterations: 2085

Files loaded:
C:\Users\User\OneDrive\Documents\GitHub\NCL_GitHub\NCL\NCL Electronics Laboratory\EEE8165\CL1\CL1_T1_OutputResistance.net

